Advent of Code 2020 Test

Python
-------------------------
Day  1 (0.198s)
  Part 1: 1010884
  Part 2: 253928438
-------------------------
Day  2 (0.004s)
  Part 1: 538
  Part 2: 489
-------------------------
Day  3 (0.002s)
  Part 1: 189
  Part 2: 1718180100
-------------------------
Day  4 (0.006s)
  Part 1: 264
  Part 2: 224
-------------------------
Day  5 (0.013s)
  Part 1: 913
  Part 2: 717
-------------------------
Day  6 (0.005s)
  Part 1: 7110
  Part 2: 3628
-------------------------
Day  7 (0.159s)
  Part 1: 115
  Part 2: 1250
-------------------------
Day  8 (0.125s)
  Part 1: 2080
  Part 2: 2477
-------------------------
Day  9 (0.312s)
  Part 1: 1124361034
  Part 2: 129444555
-------------------------
Day 10 (0.001s)
  Part 1: 1820
  Part 2: 3454189699072
-------------------------
Day 11 (10.994s)
  Part 1: 2254
  Part 2: 2004
-------------------------
Day 12 (0.003s)
  Part 1: 1106
  Part 2: 107281
-------------------------
Day 13 (0.001s)
  Part 1: 4722
  Part 2: 825305207525452
-------------------------
Day 14 (0.454s)
  Part 1: 4297467072083
  Part 2: 5030603328768
-------------------------
Day 15 (19.372s)
  Part 1: 1085
  Part 2: 10652
-------------------------
Day 16 (0.371s)
  Part 1: 28873
  Part 2: 2587271823407
-------------------------
Day 17 (22.587s)
  Part 1: 322
  Part 2: 2000
-------------------------
Day 18 (0.025s)
  Part 1: 131076645626
  Part 2: 109418509151782
-------------------------
Day 19 (0.674s)
  Part 1: 107
  Part 2: 321
-------------------------
Day 20  (6.069s)
  Part 1: 79412832860579
  Part 2: 2155
-------------------------
Day 21  (0.002s)
  Part 1: 2315
  Part 2: cfzdnz,htxsjf,ttbrlvd,bbbl,lmds,cbmjz,cmbcm,dvnbh
-------------------------
Day 22  (14.862s)
  Part 1: 31754
  Part 2: 35436
-------------------------
Day 23  (24.044s)
  Part 1: 69473825
  Part 2: 96604396189
-------------------------
Day 24  (0.345s)
  Part 1: 354
  Part 2: 3608
-------------------------
Day 25  (100.592s)
  Part 1: 545789
  Part 2: ⭐️
-------------------------

OCaml
-------------------------
Day  1 (0.009s)
  Part 1: 1010884
  Part 2: 253928438
-------------------------
Day  2 (0.003s)
  Part 1: 538
  Part 2: 489
-------------------------
Day  3 (0.002s)
  Part 1: 189
  Part 2: 1718180100
-------------------------
Day  4 (0.006s)
  Part 1: 264
  Part 2: 224
-------------------------
Day  5 (0.004s)
  Part 1: 913
  Part 2: 716
-------------------------
Day  6 (0.008s)
  Part 1: 7110
  Part 2: 3628
-------------------------
Day  8 (0.082s)
  Part 1: 2080
  Part 2: 2477
-------------------------
Day  9 (0.003s)
  Part 1: 1124361034
  Part 2: 129444555
-------------------------
Day 10 (0.001s)
  Part 1: 1820
  Part 2: 3454189699072
-------------------------
Day 13 (0.001s)
  Part 1: 4722
  Part 2: 825305207525452
-------------------------
Day 15 (8.630s)
  Part 1: 1085
  Part 2: 10652
-------------------------
Day 22 (4.304s)
  Part 1: 31754
  Part 2: 35436
-------------------------
Day 25 (2.193s)
  Part 1: 545789
  Part 2: ⭐️
-------------------------

Node.js
-------------------------
Day  1 (0.062s)
  Part 1: 1010884
  Part 2: 253928438
-------------------------
Day  4 (0.014s)
  Part 1: 264
  Part 2: 224
-------------------------
Day  7 (0.059s)
  Part 1: 115
  Part 2: 1250
-------------------------
Day 11 (0.405s)
  Part 1: 2254
  Part 2: 2004
-------------------------
Day 12 (0.013s)
  Part 1: 1106
  Part 2: 107281
-------------------------
Day 14 (0.187s)
  Part 1: 4297467072083
  Part 2: 5030603328768
-------------------------
Day 16 (0.052s)
  Part 1: 28873
  Part 2: 2587271823407
-------------------------
Day 17 (0.649s)
  Part 1: 322
  Part 2: 2000
-------------------------
Day 21  (0.010s)
  Part 1: 2315
  Part 2: cfzdnz,htxsjf,ttbrlvd,bbbl,lmds,cbmjz,cmbcm,dvnbh
-------------------------
Day 23 (2.212s)
  Part 1: 69473825
  Part 2: 96604396189
-------------------------
Day 24 (0.544s)
  Part 1: 354
  Part 2: 3608
-------------------------
Day 25 (4.673s)
  Part 1: 545789
  Part 2: ⭐️
-------------------------
